Undefined behaviour: UB043_indirection_invalid_value at ci/0020-end_of_lifetime.undef.c:6:3-5 (cursor: 6:3)
