Undefined behaviour: UB045b_modulo_by_zero at ci/0029-modulo_by_zero.undef.c:3:7-10 (cursor: 3:8)
