Undefined {ub: "UB088_reached_end_of_function", stderr: "", loc: "<3:1--5:2>"}
