Undefined behaviour: UB033_modifying_string_literal at ci/0086-literal_access.undef.c:7:3-13 (cursor: 7:8)
