Undefined {ub: "UB036_exceptional_condition", stderr: "", loc: "<5:3--5:6>"}
