Undefined behaviour: UB038_number_of_args at ci/0129-function-pointer-wrong-args.undef.c:8:10-16
