Undefined behaviour: UB059_incomplete_no_linkage_identifier at ci/0206-no-linkage-block-incomplete.undef.c:3:8-9
