Undefined behaviour: UB089_tentative_definition_internal_linkage at ci/0207-incomplete-internal-linkage.undef.c:1:13-14
