Undefined behaviour: UB064_modifying_const at ci/0295-global_const_int.undef.c:9:3-9 (cursor: 9:6)
