Undefined behaviour: UB042_access_atomic_structUnion_member at ci/0297-atomic_memberof.undef.c:11:3-5 (cursor: 11:3)
