Undefined behaviour: UB035_unsequenced_race at ci/0302-unseq_race_ko03.undef.c:5:3-20 (cursor: 5:11)
