Undefined behaviour: UB035_unsequenced_race at ci/0303-unseq_race_ko04.undef.c:5:3-14 (cursor: 5:11)
