Defined {value: "Specified(7)", stdout: "", stderr: "", blocked: "false"}
