Undefined {ub: "UB052b_non_representable_left_shift", stderr: "", loc: "<10:3--10:10>"}
