Undefined {ub: "UB100", stderr: "", loc: "<other location: memcpy>"}
